It's... s-
upercalif-
ragilisti-
cexpialid-
ocious! E-
ven though
the sound
of it is
something
quite atr-
ocious. If
you say it
loud enou-
gh you'll
always so-
und preco-
cious. Su-
percalifr-
agilistic-
expialido-
cious!
