Once a novice student, I embarked on a journey in-
to the intricate realm of Java programming, eager 
to conquer its formidable challenges. At first, t-
he syntax seemed cryptic and unforgiving, but with
unwavering determination, I delved into the funda-
mentals. I deciphered the mysteries of classes, m-
ethods, and objects, and gradually, my understand-
ing grew. Exception handling posed a daunting obs-
tacle, but I persevered, learning to catch and th-
row exceptions with finesse. The world of data st-
ructures opened up, and I marveled at the power of
arrays, lists, and maps. Debugging became my daily
ritual, and I sharpened my skills in identifying 
and resolving errors. Polymorphism and inheritance
introduced complexity, but I grasped their signif-
icance in creating robust Java applications. With 
patience and practice, I mastered multithreading 
and synchronization, harnessing their potential f-
or efficient concurrent programming. Gradually, I 
crafted elegant solutions, encapsulating function-
ality within classes and interfaces. Through dedi-
cation and countless hours of coding, I emerged as
a proficient Java programmer, conquering challeng-
es with unwavering determination. 

