At St. Andrews University, nestled amidst the hist-
oric charm of Scotland, one student's academic jou-
rney has taken an exciting turn as they delve into 
the world of programming. With a thirst for knowle-
dge and a passion for problem-solving, this dilige-
nt student has embarked on a compelling quest to m-
aster the intricacies of Java, a versatile and wid-
ely-used programming language. The picturesque cam-
pus, with its centuries-old architecture, serves as
an inspiring backdrop to their coding endeavors. T-
hrough lectures, hands-on labs, and collaborative 
projects, this student is not only honing their co-
ding skills but also learning to think critically, 
analyze algorithms, and create software solutions 
that have real-world applications. So..... With ea-
ch line of code they write, they inch closer to be-
coming a proficient Java developer, equipped to ta-
ckle the challenges of the digital age and contrib-
ute to the ever-evolving tech landscape. Wow!!!! S-
t. Andrews provides the perfect environment for nu-
rturing their intellectual curiosity, and their jo-
urney into the world of Java is just the beginning 
of a promising academic and professional adventure.


