At St. An-
drews Uni-
versity, 
nestled a-
midst the 
historic 
charm of 
Scotland, 
one stude-
nt's acad-
emic jour-
ney has t-
aken an e-
xciting t-
urn as th-
ey delve 
into the 
world of 
programmi-
ng. With a
thirst for
knowledge 
and a pas-
sion for 
problem-s-
olving, t-
his dilig-
ent stude-
nt has em-
barked on 
a compell-
ing quest 
to master 
the intri-
cacies of 
Java, a v-
ersatile 
and widel-
y-used pr-
ogramming 
language. 
The pictu-
resque ca-
mpus, with
its centu-
ries-old 
architect-
ure, serv-
es as an 
inspiring 
backdrop 
to their 
coding en-
deavors. 
Through l-
ectures, 
hands-on 
labs, and 
collabora-
tive proj-
ects, this
student is
not only 
honing th-
eir coding
skills but
also lear-
ning to t-
hink crit-
ically, a-
nalyze al-
gorithms, 
and create
software 
solutions 
that have 
real-world
applicati-
ons. So..-
... With 
each line 
of code t-
hey write,
they inch 
closer to 
becoming a
proficient
Java deve-
loper, eq-
uipped to 
tackle the
challenges
of the di-
gital age 
and contr-
ibute to 
the ever--
evolving 
tech land-
scape. Wo-
w!!!! St. 
Andrews p-
rovides t-
he perfect
environme-
nt for nu-
rturing t-
heir inte-
llectual 
curiosity,
and their 
journey i-
nto the w-
orld of J-
ava is ju-
st the be-
ginning of
a promisi-
ng academ-
ic and pr-
ofessional
adventure.


