File not found: nofile.txt (No such file or directory)
