Once a novice student, I embarked on a journey into the intricate realm of Java programmi-
ng, eager to conquer its formidable challenges. At first, the syntax seemed cryptic and u-
nforgiving, but with unwavering determination, I delved into the fundamentals. I decipher-
ed the mysteries of classes, methods, and objects, and gradually, my understanding grew. 
Exception handling posed a daunting obstacle, but I persevered, learning to catch and thr-
ow exceptions with finesse. The world of data structures opened up, and I marveled at the 
power of arrays, lists, and maps. Debugging became my daily ritual, and I sharpened my sk-
ills in identifying and resolving errors. Polymorphism and inheritance introduced complex-
ity, but I grasped their significance in creating robust Java applications. With patience 
and practice, I mastered multithreading and synchronization, harnessing their potential f-
or efficient concurrent programming. Gradually, I crafted elegant solutions, encapsulating
functionality within classes and interfaces. Through dedication and countless hours of co-
ding, I emerged as a proficient Java programmer, conquering challenges with unwavering de-
termination. 

