It's... supercalifragilisticexpialidocious! Even though the sound of it is some-
thing quite atrocious. If you say it loud enough you'll always sound precocious.
Supercalifragilisticexpialidocious!
