At S-
t. A-
ndre-
ws U-
nive-
rsit-
y, n-
estl-
ed a-
midst
the 
hist-
oric 
charm
of S-
cotl-
and, 
one 
stud-
ent's
acad-
emic 
jour-
ney 
has 
taken
an e-
xcit-
ing 
turn 
as t-
hey 
delve
into 
the 
world
of p-
rogr-
ammi-
ng. 
With 
a th-
irst 
for 
know-
ledge
and a
pass-
ion 
for 
prob-
lem--
solv-
ing, 
this 
dili-
gent 
stud-
ent 
has 
emba-
rked 
on a 
comp-
elli-
ng q-
uest 
to m-
aster
the 
intr-
icac-
ies 
of J-
ava, 
a ve-
rsat-
ile 
and 
wide-
ly-u-
sed 
prog-
ramm-
ing 
lang-
uage.
The 
pict-
ures-
que 
camp-
us, 
with 
its 
cent-
urie-
s-old
arch-
itec-
ture,
serv-
es as
an i-
nspi-
ring 
back-
drop 
to t-
heir 
codi-
ng e-
ndea-
vors.
Thro-
ugh 
lect-
ures,
hand-
s-on 
labs,
and 
coll-
abor-
ative
proj-
ects,
this 
stud-
ent 
is n-
ot o-
nly 
honi-
ng t-
heir 
codi-
ng s-
kills
but 
also 
lear-
ning 
to t-
hink 
crit-
ical-
ly, 
anal-
yze 
algo-
rith-
ms, 
and 
crea-
te s-
oftw-
are 
solu-
tions
that 
have 
real-
-wor-
ld a-
ppli-
cati-
ons. 
So..-
... 
With 
each 
line 
of c-
ode 
they 
writ-
e, t-
hey 
inch 
clos-
er to
beco-
ming 
a pr-
ofic-
ient 
Java 
deve-
lope-
r, e-
quip-
ped 
to t-
ackle
the 
chal-
leng-
es of
the 
digi-
tal 
age 
and 
cont-
ribu-
te to
the 
ever-
-evo-
lving
tech 
land-
scap-
e. W-
ow!!-
!! S-
t. A-
ndre-
ws p-
rovi-
des 
the 
perf-
ect 
envi-
ronm-
ent 
for 
nurt-
uring
their
inte-
llec-
tual 
curi-
osit-
y, a-
nd t-
heir 
jour-
ney 
into 
the 
world
of J-
ava 
is j-
ust 
the 
begi-
nning
of a 
prom-
ising
acad-
emic 
and 
prof-
essi-
onal 
adve-
ntur-
e. 

