Once 
a no-
vice 
stud-
ent, 
I em-
bark-
ed on
a jo-
urney
into 
the 
intr-
icate
realm
of J-
ava 
prog-
ramm-
ing, 
eager
to c-
onqu-
er i-
ts f-
ormi-
dable
chal-
leng-
es. 
At f-
irst,
the 
synt-
ax s-
eemed
cryp-
tic 
and 
unfo-
rgiv-
ing, 
but 
with 
unwa-
veri-
ng d-
eter-
mina-
tion,
I de-
lved 
into 
the 
fund-
amen-
tals.
I de-
ciph-
ered 
the 
myst-
eries
of c-
lass-
es, 
meth-
ods, 
and 
obje-
cts, 
and 
grad-
uall-
y, my
unde-
rsta-
nding
grew.
Exce-
ption
hand-
ling 
posed
a da-
unti-
ng o-
bsta-
cle, 
but I
pers-
ever-
ed, 
lear-
ning 
to c-
atch 
and 
throw
exce-
ptio-
ns w-
ith 
fine-
sse. 
The 
world
of d-
ata 
stru-
ctur-
es o-
pened
up, 
and I
marv-
eled 
at t-
he p-
ower 
of a-
rray-
s, l-
ists,
and 
maps.
Debu-
gging
beca-
me my
daily
ritu-
al, 
and I
shar-
pened
my s-
kills
in i-
dent-
ifyi-
ng a-
nd r-
esol-
ving 
erro-
rs. 
Poly-
morp-
hism 
and 
inhe-
rita-
nce 
intr-
oduc-
ed c-
ompl-
exit-
y, b-
ut I 
gras-
ped 
their
sign-
ific-
ance 
in c-
reat-
ing 
robu-
st J-
ava 
appl-
icat-
ions.
With 
pati-
ence 
and 
prac-
tice,
I ma-
ster-
ed m-
ulti-
thre-
ading
and 
sync-
hron-
izat-
ion, 
harn-
essi-
ng t-
heir 
pote-
ntial
for 
effi-
cient
conc-
urre-
nt p-
rogr-
ammi-
ng. 
Grad-
uall-
y, I 
craf-
ted 
eleg-
ant 
solu-
tion-
s, e-
ncap-
sula-
ting 
func-
tion-
ality
with-
in c-
lass-
es a-
nd i-
nter-
face-
s. T-
hrou-
gh d-
edic-
ation
and 
coun-
tless
hours
of c-
odin-
g, I 
emer-
ged 
as a 
prof-
icie-
nt J-
ava 
prog-
ramm-
er, 
conq-
ueri-
ng c-
hall-
enges
with 
unwa-
veri-
ng d-
eter-
mina-
tion.


