Once a no-
vice stud-
ent, I em-
barked on 
a journey 
into the 
intricate 
realm of 
Java prog-
ramming, 
eager to 
conquer i-
ts formid-
able chal-
lenges. At
first, the
syntax se-
emed cryp-
tic and u-
nforgivin-
g, but wi-
th unwave-
ring dete-
rmination,
I delved 
into the 
fundament-
als. I de-
ciphered 
the myste-
ries of c-
lasses, m-
ethods, a-
nd object-
s, and gr-
adually, 
my unders-
tanding g-
rew. Exce-
ption han-
dling pos-
ed a daun-
ting obst-
acle, but 
I perseve-
red, lear-
ning to c-
atch and 
throw exc-
eptions w-
ith fines-
se. The w-
orld of d-
ata struc-
tures ope-
ned up, a-
nd I marv-
eled at t-
he power 
of arrays,
lists, and
maps. Deb-
ugging be-
came my d-
aily ritu-
al, and I 
sharpened 
my skills 
in identi-
fying and 
resolving 
errors. P-
olymorphi-
sm and in-
heritance 
introduced
complexit-
y, but I 
grasped t-
heir sign-
ificance 
in creati-
ng robust 
Java appl-
ications. 
With pati-
ence and 
practice, 
I mastered
multithre-
ading and 
synchroni-
zation, h-
arnessing 
their pot-
ential for
efficient 
concurrent
programmi-
ng. Gradu-
ally, I c-
rafted el-
egant sol-
utions, e-
ncapsulat-
ing funct-
ionality 
within cl-
asses and 
interface-
s. Through
dedication
and count-
less hours
of coding,
I emerged 
as a prof-
icient Ja-
va progra-
mmer, con-
quering c-
hallenges 
with unwa-
vering de-
terminati-
on. 

