It's... supercalifragilisticexpialidocious! Even though the sound of it is so-
mething quite atrocious. If you say it loud enough you'll always sound precoc-
ious. Supercalifragilisticexpialidocious!
